PS D:\git_exercises> git clone https://github.com/nnja/advanced-git-exercises.git
Cloning into 'advanced-git-exercises'...
remote: Enumerating objects: 28, done.
remote: Counting objects: 100% (3/3), done.
remote: Compressing objects: 100% (3/3), done.
remote: Total 28 (delta 0), reused 0 (delta 0), pack-reused 25
Receiving objects: 100% (28/28), done.
Resolving deltas: 100% (1/1), done.
PS D:\git_exercises> cd advanced-git-exercises
PS D:\git_exercises\advanced-git-exercises> git checkout exercise2
Switched to a new branch 'exercise2'
branch 'exercise2' set up to track 'origin/exercise2'.
PS D:\git_exercises\advanced-git-exercises> git ls-files -s
100644 980a0d5f19a64b4b30a87d4206aade58726b60e3 0       hello.txt
PS D:\git_exercises\advanced-git-exercises> Get-Content .\hello.txt | Set-Content -Encoding utf8 HELLO.txt
Set-Content : The process cannot access the file
'D:\git_exercises\advanced-git-exercises\HELLO.txt' because it
is being used by another process.
At line:1 char:27
+ Get-Content .\hello.txt | Set-Content -Encoding utf8
HELLO.txt
+
~~~~~~~~~~~~~~~~~~~~~~~~~~~~~~~~~~~~
    + CategoryInfo          : NotSpecified: (:) [Set-Content],
    IOException
    + FullyQualifiedErrorId : System.IO.IOException,Microsoft.
   PowerShell.Commands.SetContentCommand

PS D:\git_exercises\advanced-git-exercises> git add-p
git: 'add-p' is not a git command. See 'git --help'.
PS D:\git_exercises\advanced-git-exercises> git add -p
diff --git a/hello.txt b/hello.txt
index 980a0d5..b31a35b 100644
--- a/hello.txt
+++ b/hello.txt
@@ -1 +1,2 @@
 Hello World!
+This is a test of the emergency git-casting system.
(1/1) Stage this hunk [y,n,q,a,d,e,?]? ?
y - stage this hunk
n - do not stage this hunk
q - quit; do not stage this hunk or any of the remaining ones
a - stage this hunk and all later hunks in the file
d - do not stage this hunk or any of the later hunks in the file
e - manually edit the current hunk
? - print help
@@ -1 +1,2 @@
 Hello World!
+This is a test of the emergency git-casting system.
(1/1) Stage this hunk [y,n,q,a,d,e,?]? y

PS D:\git_exercises\advanced-git-exercises> git status
On branch exercise2
Your branch is up to date with 'origin/exercise2'.

Changes to be committed:
  (use "git restore --staged <file>..." to unstage)
        modified:   hello.txt

PS D:\git_exercises\advanced-git-exercises> git ls-files -s
100644 b31a35bc9c5ae5aff4a0f76f7834cc2428408050 0       hello.txt
PS D:\git_exercises\advanced-git-exercises> git reset hello.txt
Unstaged changes after reset:
M       hello.txt
PS D:\git_exercises\advanced-git-exercises> git status
On branch exercise2
Your branch is up to date with 'origin/exercise2'.

Changes not staged for commit:
  (use "git add <file>..." to update what will be committed)
  (use "git restore <file>..." to discard changes in working directory)
        modified:   hello.txt

no changes added to commit (use "git add" and/or "git commit -a")
PS D:\git_exercises\advanced-git-exercises> git stash save "emergency git-casting"
Saved working directory and index state On exercise2: emergency git-casting
PS D:\git_exercises\advanced-git-exercises> git status
On branch exercise2
Your branch is up to date with 'origin/exercise2'.

nothing to commit, working tree clean
PS D:\git_exercises\advanced-git-exercises> git stash list
stash@{0}: On exercise2: emergency git-casting
PS D:\git_exercises\advanced-git-exercises> git stash show stash@{0}
Too many revisions specified: 'stash@' 'MAA=' 'xml' 'text'
PS D:\git_exercises\advanced-git-exercises> git stash show stash@{0}
Too many revisions specified: 'stash@' 'MAA=' 'xml' 'text'
PS D:\git_exercises\advanced-git-exercises> git stash show -p stahs@{0}
Too many revisions specified: 'stahs@' 'MAA=' 'xml' 'text'
PS D:\git_exercises\advanced-git-exercises> git stash show -p 0
diff --git a/hello.txt b/hello.txt
index 980a0d5..b31a35b 100644
--- a/hello.txt
+++ b/hello.txt
@@ -1 +1,2 @@
 Hello World!
+This is a test of the emergency git-casting system.
PS D:\git_exercises\advanced-git-exercises> git stash apply stash@{0}
error: unknown switch `e'
usage: git stash apply [--index] [-q | --quiet] [<stash>]

    -q, --quiet           be quiet, only report errors
    --index               attempt to recreate the index
