PS D:\git_exercises\advanced-git-exercises> git checkout exercise6
Switched to a new branch 'exercise6'
branch 'exercise6' set up to track 'origin/exercise6'.
PS D:\git_exercises\advanced-git-exercises> cat hello.template
Bad data


PS D:\git_exercises\advanced-git-exercises> git checkout -- hello.template
PS D:\git_exercises\advanced-git-exercises> cat hello.template
[greeting] [noun]!
This is a test of the emergency git-casting system.
PS D:\git_exercises\advanced-git-exercises> git log --name-status --follow --oneline hello.template
4b2b90e (HEAD -> exercise6, origin/exercise6) Replacing greeting with tokens for i18n
R073    hello.txt       hello.template
fec9e7b Changing Hello to Hola
M       hello.txt
afa34a6 Changing World to Mundo
M       hello.txt
e348ebc (origin/exercise3) Testing the emergency git-casting system
M       hello.txt
43388fe (origin/master, origin/exercise7, origin/exercise4, origin/exercise2, origin/HEAD, master) Initial commit
A       hello.txt
PS D:\git_exercises\advanced-git-exercises> git checkout fec9e7b -- hello.txt
PS D:\git_exercises\advanced-git-exercises> cat hello.txt
Hola World!
This is a test of the emergency git-casting system.
PS D:\git_exercises\advanced-git-exercises> git reset HEAD hello.txt
PS D:\git_exercises\advanced-git-exercises> git rm hello.template
rm 'hello.template'
PS D:\git_exercises\advanced-git-exercises> git status
On branch exercise6
Your branch is up to date with 'origin/exercise6'.

Changes to be committed:
  (use "git restore --staged <file>..." to unstage)
        deleted:    hello.template

Untracked files:
  (use "git add <file>..." to include in what will be committed)
        hello.txt

PS D:\git_exercises\advanced-git-exercises> git commit -m "Deleting hello.template"
[exercise6 dae475d] Deleting hello.template
 1 file changed, 2 deletions(-)
 delete mode 100644 hello.template
PS D:\git_exercises\advanced-git-exercises> git log --diff-filter=D --oneline -- hello.template
dae475d (HEAD -> exercise6) Deleting hello.template
PS D:\git_exercises\advanced-git-exercises> git checkout dae475d^ -- hello.template
PS D:\git_exercises\advanced-git-exercises> git status
On branch exercise6
Your branch is ahead of 'origin/exercise6' by 1 commit.
  (use "git push" to publish your local commits)

Changes to be committed:
  (use "git restore --staged <file>..." to unstage)
        new file:   hello.template

Untracked files:
  (use "git add <file>..." to include in what will be committed)
        hello.txt

PS D:\git_exercises\advanced-git-exercises> cat hello.template
[greeting] [noun]!
This is a test of the emergency git-casting system.
PS D:\git_exercises\advanced-git-exercises> git clean --dry-run
Would remove hello.txt
PS D:\git_exercises\advanced-git-exercises> git clean -f
Removing hello.txt
PS D:\git_exercises\advanced-git-exercises> git status
On branch exercise6
Your branch is ahead of 'origin/exercise6' by 1 commit.
  (use "git push" to publish your local commits)

Changes to be committed:
  (use "git restore --staged <file>..." to unstage)
        new file:   hello.template

PS D:\git_exercises\advanced-git-exercises> git reset -- hello.template
PS D:\git_exercises\advanced-git-exercises> git status
On branch exercise6
Your branch is ahead of 'origin/exercise6' by 1 commit.
  (use "git push" to publish your local commits)

Untracked files:
  (use "git add <file>..." to include in what will be committed)
        hello.template

nothing added to commit but untracked files present (use "git add" to track)
PS D:\git_exercises\advanced-git-exercises> git log --oneline
dae475d (HEAD -> exercise6) Deleting hello.template
4b2b90e (origin/exercise6) Replacing greeting with tokens for i18n
ff91b70 (origin/exercise5) Merging in mundo branch
fec9e7b Changing Hello to Hola
4582f72 Merge branch 'exercise3' into exercise4
afa34a6 Changing World to Mundo
7ea8b01 Merge branch 'exercise3' into exercise4
e348ebc (origin/exercise3) Testing the emergency git-casting system
43388fe (origin/master, origin/exercise7, origin/exercise4, origin/exercise2, origin/HEAD, master) Initial commit
PS D:\git_exercises\advanced-git-exercises> rm hello.template
PS D:\git_exercises\advanced-git-exercises> cat hello.template
cat : Cannot find path
'D:\git_exercises\advanced-git-exercises\hello.template'
because it does not exist.
At line:1 char:1
+ cat hello.template
+ ~~~~~~~~~~~~~~~~~~
    + CategoryInfo          : ObjectNotFound: (D:\git_exercise
   ...\hello.template:String) [Get-Content], ItemNotFoundExce
  ption
    + FullyQualifiedErrorId : PathNotFound,Microsoft.PowerShel
   l.Commands.GetContentCommand

PS D:\git_exercises\advanced-git-exercises> git reset 4b2b90e --
 hello.template
Unstaged changes after reset:
D       hello.template
PS D:\git_exercises\advanced-git-exercises> git status
On branch exercise6
Your branch is ahead of 'origin/exercise6' by 1 commit.
  (use "git push" to publish your local commits)

Changes to be committed:
  (use "git restore --staged <file>..." to unstage)
        new file:   hello.template

Changes not staged for commit:
  (use "git add/rm <file>..." to update what will be committed)
  (use "git restore <file>..." to discard changes in working directory)
        deleted:    hello.template

PS D:\git_exercises\advanced-git-exercises> cat hello.template
cat : Cannot find path
'D:\git_exercises\advanced-git-exercises\hello.template'
because it does not exist.
At line:1 char:1
+ cat hello.template
+ ~~~~~~~~~~~~~~~~~~
    + CategoryInfo          : ObjectNotFound: (D:\git_exercise
   ...\hello.template:String) [Get-Content], ItemNotFoundExce
  ption
    + FullyQualifiedErrorId : PathNotFound,Microsoft.PowerShel
   l.Commands.GetContentCommand

PS D:\git_exercises\advanced-git-exercises> git reset --hard HEAD
HEAD is now at dae475d Deleting hello.template
PS D:\git_exercises\advanced-git-exercises> git log -2 --oneline

dae475d (HEAD -> exercise6) Deleting hello.template
4b2b90e (origin/exercise6) Replacing greeting with tokens for i18n
PS D:\git_exercises\advanced-git-exercises> git reset 4b2b90e
Unstaged changes after reset:
D       hello.template
PS D:\git_exercises\advanced-git-exercises> git log -1 --oneline

4b2b90e (HEAD -> exercise6, origin/exercise6) Replacing greeting with tokens for i18n
PS D:\git_exercises\advanced-git-exercises> git reset ORIG_HEAD
PS D:\git_exercises\advanced-git-exercises> git log -1 --oneline

dae475d (HEAD -> exercise6) Deleting hello.template
PS D:\git_exercises\advanced-git-exercises> git log -1 --oneline

dae475d (HEAD -> exercise6) Deleting hello.template
PS D:\git_exercises\advanced-git-exercises> git revert dae457d
fatal: bad revision 'dae457d'
PS D:\git_exercises\advanced-git-exercises> git revert dae475d
[exercise6 5607d2a] Revert "Deleting hello.template"
 1 file changed, 2 insertions(+)
 create mode 100644 hello.template
